
  Memory set to   2.794 GiB by Python driver.
=== KINETIC CONTROL: SN2  CH3Br + CH3Nu(-) -> CH3Nu-CH3 + Br(-) ===
    expectation: SELENOLATE HAS THE LOWER BARRIER

Some dependencies such as QCElemental have not yet finished migration to pydantic v2. If issues are encountered please downgrade pydantic or upgrade QCElemental as appropriate
Hessian guess encountered unknown coordinate type.

	Previous geometry is closer to target in internal coordinates, so using that one.

	Best geometry has RMS(Delta(q)) = 1.11e-07

	Previous geometry is closer to target in internal coordinates, so using that one.

	Best geometry has RMS(Delta(q)) = 2.53e-06

	Energy ratio indicates iffy step.
	Intrafrag trust radius decreased to   0.05.
	Previous geometry is closer to target in internal coordinates, so using that one.

	Best geometry has RMS(Delta(q)) = 2.30e-06

	Energy has increased in a minimization.
	Energy ratio indicates iffy step.
	Intrafrag trust radius decreased to 0.0375.
	Previous geometry is closer to target in internal coordinates, so using that one.

	Best geometry has RMS(Delta(q)) = 1.55e-06

	Previous geometry is closer to target in internal coordinates, so using that one.

	Best geometry has RMS(Delta(q)) = 3.38e-07

	Energy has increased in a minimization.
	Energy ratio indicates iffy step.
	Intrafrag trust radius decreased to 0.0281.
Optimizer: Optimization complete!
    ctl-Se   d=3.40  E=-5055.10815930 
Hessian guess encountered unknown coordinate type.

	Previous geometry is closer to target in internal coordinates, so using that one.

	Best geometry has RMS(Delta(q)) = 1.25e-07

	Previous geometry is closer to target in internal coordinates, so using that one.

	Best geometry has RMS(Delta(q)) = 3.35e-05

	Energy has increased in a minimization.
	Energy ratio indicates iffy step.
	Intrafrag trust radius decreased to   0.05.
	Previous geometry is closer to target in internal coordinates, so using that one.

	Best geometry has RMS(Delta(q)) = 1.09e-05

	Energy ratio indicates iffy step.
	Intrafrag trust radius decreased to 0.0375.
	Energy has increased in a minimization.
	Energy ratio indicates iffy step.
	Intrafrag trust radius decreased to 0.00938.
Optimizer: Optimization complete!
    ctl-Se   d=3.00  E=-5055.10337313 
Hessian guess encountered unknown coordinate type.

	Previous geometry is closer to target in internal coordinates, so using that one.

	Best geometry has RMS(Delta(q)) = 1.78e-06

	Energy has increased in a minimization.
	Energy ratio indicates iffy step.
	Intrafrag trust radius decreased to   0.15.
	Previous geometry is closer to target in internal coordinates, so using that one.

	Best geometry has RMS(Delta(q)) = 7.52e-06

	Energy ratio indicates iffy step.
	Intrafrag trust radius decreased to 0.0375.
	Previous geometry is closer to target in internal coordinates, so using that one.

	Best geometry has RMS(Delta(q)) = 3.26e-07

	Energy has increased in a minimization.
	Energy ratio indicates iffy step.
	Intrafrag trust radius decreased to 0.0844.
Optimizer: Optimization complete!
    ctl-Se   d=2.70  E=-5055.09169325 
Hessian guess encountered unknown coordinate type.

	Previous geometry is closer to target in internal coordinates, so using that one.

	Best geometry has RMS(Delta(q)) = 4.55e-08

	Previous geometry is closer to target in internal coordinates, so using that one.

	Best geometry has RMS(Delta(q)) = 6.32e-05

	Energy has increased in a minimization.
	Energy ratio indicates iffy step.
	Intrafrag trust radius decreased to   0.15.
	Previous geometry is closer to target in internal coordinates, so using that one.

	Best geometry has RMS(Delta(q)) = 1.22e-04

	Previous geometry is closer to target in internal coordinates, so using that one.

	Best geometry has RMS(Delta(q)) = 1.54e-05

	Energy has increased in a minimization.
	Energy ratio indicates iffy step.
	Intrafrag trust radius decreased to 0.0375.
	Previous geometry is closer to target in internal coordinates, so using that one.

	Best geometry has RMS(Delta(q)) = 8.23e-08

	Previous geometry is closer to target in internal coordinates, so using that one.

	Best geometry has RMS(Delta(q)) = 6.68e-08

	Previous geometry is closer to target in internal coordinates, so using that one.

	Best geometry has RMS(Delta(q)) = 1.01e-07

	Energy has increased in a minimization.
	Energy ratio indicates iffy step.
	Intrafrag trust radius decreased to 0.0844.
	Energy has increased in a minimization.
	Energy ratio indicates iffy step.
	Intrafrag trust radius decreased to 0.0633.
Optimizer: Optimization complete!
S matrix is not positive-definite!
Consider changing the average area of the cavity finite elements.
Normally an error, this has been commuted to a warning via patch.
Please report this issue: https://github.com/PCMSolver/pcmsolver/issues/206

S matrix is not positive-definite!
Consider changing the average area of the cavity finite elements.
Normally an error, this has been commuted to a warning via patch.
Please report this issue: https://github.com/PCMSolver/pcmsolver/issues/206

    ctl-Se   d=2.45  E=-5055.07061521 
Hessian guess encountered unknown coordinate type.

	Energy ratio indicates iffy step.
	Intrafrag trust radius decreased to   0.25.
	Previous geometry is closer to target in internal coordinates, so using that one.

	Best geometry has RMS(Delta(q)) = 1.59e-04

	Energy has increased in a minimization.
	Energy ratio indicates iffy step.
	Intrafrag trust radius decreased to 0.0625.
	Energy has increased in a minimization.
	Energy ratio indicates iffy step.
	Intrafrag trust radius decreased to 0.0469.
	Previous geometry is closer to target in internal coordinates, so using that one.

	Best geometry has RMS(Delta(q)) = 1.58e-06

	Previous geometry is closer to target in internal coordinates, so using that one.

	Best geometry has RMS(Delta(q)) = 5.09e-06

	Previous geometry is closer to target in internal coordinates, so using that one.

	Best geometry has RMS(Delta(q)) = 4.20e-03

	Change in internal coordinate of 5.33e-01 exceeds limit of 5.00e-01.
	Skipping Hessian update for step 13.
	Change in internal coordinate of 5.18e-01 exceeds limit of 5.00e-01.
	Skipping Hessian update for step 12.
	Change in internal coordinate of 5.63e-01 exceeds limit of 5.00e-01.
	Skipping Hessian update for step 11.
	Change in internal coordinate of 5.97e-01 exceeds limit of 5.00e-01.
	Skipping Hessian update for step 10.
	Change in internal coordinate of 6.18e-01 exceeds limit of 5.00e-01.
	Skipping Hessian update for step 9.
	Change in internal coordinate of 6.20e-01 exceeds limit of 5.00e-01.
	Skipping Hessian update for step 8.
	Change in internal coordinate of 6.66e-01 exceeds limit of 5.00e-01.
	Skipping Hessian update for step 7.
	Change in internal coordinate of 6.96e-01 exceeds limit of 5.00e-01.
	Skipping Hessian update for step 6.
	Change in internal coordinate of 6.98e-01 exceeds limit of 5.00e-01.
	Skipping Hessian update for step 5.
	Change in internal coordinate of 6.76e-01 exceeds limit of 5.00e-01.
	Skipping Hessian update for step 4.
	Change in internal coordinate of 6.71e-01 exceeds limit of 5.00e-01.
	Skipping Hessian update for step 3.
	Change in internal coordinate of 7.50e-01 exceeds limit of 5.00e-01.
	Skipping Hessian update for step 2.
	Energy has increased in a minimization.
	Energy ratio indicates iffy step.
	Intrafrag trust radius decreased to   0.25.
	Change in internal coordinate of 5.41e-01 exceeds limit of 5.00e-01.
	Skipping Hessian update for step 13.
	Change in internal coordinate of 5.57e-01 exceeds limit of 5.00e-01.
	Skipping Hessian update for step 12.
	Change in internal coordinate of 5.70e-01 exceeds limit of 5.00e-01.
	Skipping Hessian update for step 11.
	Change in internal coordinate of 5.75e-01 exceeds limit of 5.00e-01.
	Skipping Hessian update for step 10.
	Change in internal coordinate of 5.76e-01 exceeds limit of 5.00e-01.
	Skipping Hessian update for step 9.
	Change in internal coordinate of 5.76e-01 exceeds limit of 5.00e-01.
	Skipping Hessian update for step 8.
	Change in internal coordinate of 5.85e-01 exceeds limit of 5.00e-01.
	Skipping Hessian update for step 7.
	Change in internal coordinate of 6.15e-01 exceeds limit of 5.00e-01.
	Skipping Hessian update for step 6.
	Change in internal coordinate of 6.17e-01 exceeds limit of 5.00e-01.
	Skipping Hessian update for step 5.
	Change in internal coordinate of 5.95e-01 exceeds limit of 5.00e-01.
	Skipping Hessian update for step 4.
	Change in internal coordinate of 6.01e-01 exceeds limit of 5.00e-01.
	Skipping Hessian update for step 3.
	Change in internal coordinate of 8.03e-01 exceeds limit of 5.00e-01.
	Skipping Hessian update for step 2.
	Change in internal coordinate of 8.78e-01 exceeds limit of 5.00e-01.
	Skipping Hessian update for step 1.
	Previous geometry is closer to target in internal coordinates, so using that one.

	Best geometry has RMS(Delta(q)) = 4.22e-03

	Change in internal coordinate of 6.02e-01 exceeds limit of 5.00e-01.
	Skipping Hessian update for step 14.
	Change in internal coordinate of 1.04e+00 exceeds limit of 5.00e-01.
	Skipping Hessian update for step 13.
	Change in internal coordinate of 1.05e+00 exceeds limit of 5.00e-01.
	Skipping Hessian update for step 12.
	Change in internal coordinate of 1.06e+00 exceeds limit of 5.00e-01.
	Skipping Hessian update for step 11.
	Change in internal coordinate of 1.07e+00 exceeds limit of 5.00e-01.
	Skipping Hessian update for step 10.
	Change in internal coordinate of 1.07e+00 exceeds limit of 5.00e-01.
	Skipping Hessian update for step 9.
	Change in internal coordinate of 1.07e+00 exceeds limit of 5.00e-01.
	Skipping Hessian update for step 8.
	Change in internal coordinate of 1.07e+00 exceeds limit of 5.00e-01.
	Skipping Hessian update for step 7.
	Change in internal coordinate of 1.07e+00 exceeds limit of 5.00e-01.
	Skipping Hessian update for step 6.
	Change in internal coordinate of 1.07e+00 exceeds limit of 5.00e-01.
	Skipping Hessian update for step 5.
	Change in internal coordinate of 1.07e+00 exceeds limit of 5.00e-01.
	Skipping Hessian update for step 4.
	Change in internal coordinate of 1.07e+00 exceeds limit of 5.00e-01.
	Skipping Hessian update for step 3.
	Change in internal coordinate of 1.08e+00 exceeds limit of 5.00e-01.
	Skipping Hessian update for step 2.
	Change in internal coordinate of 1.15e+00 exceeds limit of 5.00e-01.
	Skipping Hessian update for step 1.
	Previous geometry is closer to target in internal coordinates, so using that one.

	Best geometry has RMS(Delta(q)) = 1.01e-05

	Change in internal coordinate of 5.72e-01 exceeds limit of 5.00e-01.
	Skipping Hessian update for step 15.
	Change in internal coordinate of 6.80e-01 exceeds limit of 5.00e-01.
	Skipping Hessian update for step 14.
	Change in internal coordinate of 1.11e+00 exceeds limit of 5.00e-01.
	Skipping Hessian update for step 13.
	Change in internal coordinate of 1.13e+00 exceeds limit of 5.00e-01.
	Skipping Hessian update for step 12.
	Change in internal coordinate of 1.14e+00 exceeds limit of 5.00e-01.
	Skipping Hessian update for step 11.
	Change in internal coordinate of 1.15e+00 exceeds limit of 5.00e-01.
	Skipping Hessian update for step 10.
	Change in internal coordinate of 1.15e+00 exceeds limit of 5.00e-01.
	Skipping Hessian update for step 9.
	Change in internal coordinate of 1.15e+00 exceeds limit of 5.00e-01.
	Skipping Hessian update for step 8.
	Change in internal coordinate of 1.15e+00 exceeds limit of 5.00e-01.
	Skipping Hessian update for step 7.
	Change in internal coordinate of 1.15e+00 exceeds limit of 5.00e-01.
	Skipping Hessian update for step 6.
	Change in internal coordinate of 1.15e+00 exceeds limit of 5.00e-01.
	Skipping Hessian update for step 5.
	Change in internal coordinate of 1.15e+00 exceeds limit of 5.00e-01.
	Skipping Hessian update for step 4.
	Change in internal coordinate of 1.15e+00 exceeds limit of 5.00e-01.
	Skipping Hessian update for step 3.
	Change in internal coordinate of 1.19e+00 exceeds limit of 5.00e-01.
	Skipping Hessian update for step 2.
	Change in internal coordinate of 1.27e+00 exceeds limit of 5.00e-01.
	Skipping Hessian update for step 1.
	Change in internal coordinate of 9.01e-01 exceeds limit of 5.00e-01.
	Skipping Hessian update for step 15.
	Change in internal coordinate of 1.01e+00 exceeds limit of 5.00e-01.
	Skipping Hessian update for step 14.
	Change in internal coordinate of 1.44e+00 exceeds limit of 5.00e-01.
	Skipping Hessian update for step 13.
	Change in internal coordinate of 1.46e+00 exceeds limit of 5.00e-01.
	Skipping Hessian update for step 12.
	Change in internal coordinate of 1.47e+00 exceeds limit of 5.00e-01.
	Skipping Hessian update for step 11.
	Change in internal coordinate of 1.48e+00 exceeds limit of 5.00e-01.
	Skipping Hessian update for step 10.
	Change in internal coordinate of 1.48e+00 exceeds limit of 5.00e-01.
	Skipping Hessian update for step 9.
	Change in internal coordinate of 1.48e+00 exceeds limit of 5.00e-01.
	Skipping Hessian update for step 8.
	Change in internal coordinate of 1.48e+00 exceeds limit of 5.00e-01.
	Skipping Hessian update for step 7.
	Change in internal coordinate of 1.48e+00 exceeds limit of 5.00e-01.
	Skipping Hessian update for step 6.
	Change in internal coordinate of 1.48e+00 exceeds limit of 5.00e-01.
	Skipping Hessian update for step 5.
	Change in internal coordinate of 1.48e+00 exceeds limit of 5.00e-01.
	Skipping Hessian update for step 4.
	Change in internal coordinate of 1.48e+00 exceeds limit of 5.00e-01.
	Skipping Hessian update for step 3.
	Change in internal coordinate of 1.50e+00 exceeds limit of 5.00e-01.
	Skipping Hessian update for step 2.
	Change in internal coordinate of 1.58e+00 exceeds limit of 5.00e-01.
	Skipping Hessian update for step 1.
	Change in internal coordinate of 5.62e-01 exceeds limit of 5.00e-01.
	Skipping Hessian update for step 16.
	Change in internal coordinate of 1.06e+00 exceeds limit of 5.00e-01.
	Skipping Hessian update for step 15.
	Change in internal coordinate of 1.16e+00 exceeds limit of 5.00e-01.
	Skipping Hessian update for step 14.
	Change in internal coordinate of 1.60e+00 exceeds limit of 5.00e-01.
	Skipping Hessian update for step 13.
	Change in internal coordinate of 1.61e+00 exceeds limit of 5.00e-01.
	Skipping Hessian update for step 12.
	Change in internal coordinate of 1.63e+00 exceeds limit of 5.00e-01.
	Skipping Hessian update for step 11.
	Change in internal coordinate of 1.63e+00 exceeds limit of 5.00e-01.
	Skipping Hessian update for step 10.
	Change in internal coordinate of 1.63e+00 exceeds limit of 5.00e-01.
	Skipping Hessian update for step 9.
	Change in internal coordinate of 1.63e+00 exceeds limit of 5.00e-01.
	Skipping Hessian update for step 8.
	Change in internal coordinate of 1.63e+00 exceeds limit of 5.00e-01.
	Skipping Hessian update for step 7.
	Change in internal coordinate of 1.64e+00 exceeds limit of 5.00e-01.
	Skipping Hessian update for step 6.
	Change in internal coordinate of 1.64e+00 exceeds limit of 5.00e-01.
	Skipping Hessian update for step 5.
	Change in internal coordinate of 1.63e+00 exceeds limit of 5.00e-01.
	Skipping Hessian update for step 4.
	Change in internal coordinate of 1.64e+00 exceeds limit of 5.00e-01.
	Skipping Hessian update for step 3.
	Change in internal coordinate of 1.64e+00 exceeds limit of 5.00e-01.
	Skipping Hessian update for step 2.
	Change in internal coordinate of 1.66e+00 exceeds limit of 5.00e-01.
	Skipping Hessian update for step 1.
	Previous geometry is closer to target in internal coordinates, so using that one.

	Best geometry has RMS(Delta(q)) = 3.37e-04

	Change in internal coordinate of 5.03e-01 exceeds limit of 5.00e-01.
	Skipping Hessian update for step 18.
	Change in internal coordinate of 6.65e-01 exceeds limit of 5.00e-01.
	Skipping Hessian update for step 17.
	Change in internal coordinate of 7.43e-01 exceeds limit of 5.00e-01.
	Skipping Hessian update for step 16.
	Change in internal coordinate of 1.24e+00 exceeds limit of 5.00e-01.
	Skipping Hessian update for step 15.
	Change in internal coordinate of 1.35e+00 exceeds limit of 5.00e-01.
	Skipping Hessian update for step 14.
	Change in internal coordinate of 1.78e+00 exceeds limit of 5.00e-01.
	Skipping Hessian update for step 13.
	Change in internal coordinate of 1.79e+00 exceeds limit of 5.00e-01.
	Skipping Hessian update for step 12.
	Change in internal coordinate of 1.81e+00 exceeds limit of 5.00e-01.
	Skipping Hessian update for step 11.
	Change in internal coordinate of 1.81e+00 exceeds limit of 5.00e-01.
	Skipping Hessian update for step 10.
	Change in internal coordinate of 1.81e+00 exceeds limit of 5.00e-01.
	Skipping Hessian update for step 9.
	Change in internal coordinate of 1.81e+00 exceeds limit of 5.00e-01.
	Skipping Hessian update for step 8.
	Change in internal coordinate of 1.81e+00 exceeds limit of 5.00e-01.
	Skipping Hessian update for step 7.
	Change in internal coordinate of 1.82e+00 exceeds limit of 5.00e-01.
	Skipping Hessian update for step 6.
	Change in internal coordinate of 1.82e+00 exceeds limit of 5.00e-01.
	Skipping Hessian update for step 5.
	Change in internal coordinate of 1.81e+00 exceeds limit of 5.00e-01.
	Skipping Hessian update for step 4.
	Change in internal coordinate of 1.82e+00 exceeds limit of 5.00e-01.
	Skipping Hessian update for step 3.
	Change in internal coordinate of 1.82e+00 exceeds limit of 5.00e-01.
	Skipping Hessian update for step 2.
	Change in internal coordinate of 1.82e+00 exceeds limit of 5.00e-01.
	Skipping Hessian update for step 1.
	Change in internal coordinate of 5.50e-01 exceeds limit of 5.00e-01.
	Skipping Hessian update for step 19.
	Change in internal coordinate of 7.75e-01 exceeds limit of 5.00e-01.
	Skipping Hessian update for step 18.
	Change in internal coordinate of 8.81e-01 exceeds limit of 5.00e-01.
	Skipping Hessian update for step 17.
	Change in internal coordinate of 9.78e-01 exceeds limit of 5.00e-01.
	Skipping Hessian update for step 16.
	Change in internal coordinate of 1.45e+00 exceeds limit of 5.00e-01.
	Skipping Hessian update for step 15.
	Change in internal coordinate of 1.56e+00 exceeds limit of 5.00e-01.
	Skipping Hessian update for step 14.
	Change in internal coordinate of 1.99e+00 exceeds limit of 5.00e-01.
	Skipping Hessian update for step 13.
	Change in internal coordinate of 2.01e+00 exceeds limit of 5.00e-01.
	Skipping Hessian update for step 12.
	Change in internal coordinate of 2.02e+00 exceeds limit of 5.00e-01.
	Skipping Hessian update for step 11.
	Change in internal coordinate of 2.03e+00 exceeds limit of 5.00e-01.
	Skipping Hessian update for step 10.
	Change in internal coordinate of 2.03e+00 exceeds limit of 5.00e-01.
	Skipping Hessian update for step 9.
	Change in internal coordinate of 2.03e+00 exceeds limit of 5.00e-01.
	Skipping Hessian update for step 8.
	Change in internal coordinate of 2.03e+00 exceeds limit of 5.00e-01.
	Skipping Hessian update for step 7.
	Change in internal coordinate of 2.03e+00 exceeds limit of 5.00e-01.
	Skipping Hessian update for step 6.
	Change in internal coordinate of 2.03e+00 exceeds limit of 5.00e-01.
	Skipping Hessian update for step 5.
	Change in internal coordinate of 2.03e+00 exceeds limit of 5.00e-01.
	Skipping Hessian update for step 4.
	Change in internal coordinate of 2.03e+00 exceeds limit of 5.00e-01.
	Skipping Hessian update for step 3.
	Change in internal coordinate of 2.03e+00 exceeds limit of 5.00e-01.
	Skipping Hessian update for step 2.
	Change in internal coordinate of 2.03e+00 exceeds limit of 5.00e-01.
	Skipping Hessian update for step 1.
	Change in internal coordinate of 5.15e-01 exceeds limit of 5.00e-01.
	Skipping Hessian update for step 20.
	Change in internal coordinate of 7.93e-01 exceeds limit of 5.00e-01.
	Skipping Hessian update for step 19.
	Change in internal coordinate of 1.02e+00 exceeds limit of 5.00e-01.
	Skipping Hessian update for step 18.
	Change in internal coordinate of 1.09e+00 exceeds limit of 5.00e-01.
	Skipping Hessian update for step 17.
	Change in internal coordinate of 1.22e+00 exceeds limit of 5.00e-01.
	Skipping Hessian update for step 16.
	Change in internal coordinate of 1.65e+00 exceeds limit of 5.00e-01.
	Skipping Hessian update for step 15.
	Change in internal coordinate of 1.76e+00 exceeds limit of 5.00e-01.
	Skipping Hessian update for step 14.
	Change in internal coordinate of 2.20e+00 exceeds limit of 5.00e-01.
	Skipping Hessian update for step 13.
	Change in internal coordinate of 2.21e+00 exceeds limit of 5.00e-01.
	Skipping Hessian update for step 12.
	Change in internal coordinate of 2.22e+00 exceeds limit of 5.00e-01.
	Skipping Hessian update for step 11.
	Change in internal coordinate of 2.23e+00 exceeds limit of 5.00e-01.
	Skipping Hessian update for step 10.
	Change in internal coordinate of 2.23e+00 exceeds limit of 5.00e-01.
	Skipping Hessian update for step 9.
	Change in internal coordinate of 2.23e+00 exceeds limit of 5.00e-01.
	Skipping Hessian update for step 8.
	Change in internal coordinate of 2.23e+00 exceeds limit of 5.00e-01.
	Skipping Hessian update for step 7.
	Change in internal coordinate of 2.23e+00 exceeds limit of 5.00e-01.
	Skipping Hessian update for step 6.
	Change in internal coordinate of 2.23e+00 exceeds limit of 5.00e-01.
	Skipping Hessian update for step 5.
	Change in internal coordinate of 2.23e+00 exceeds limit of 5.00e-01.
	Skipping Hessian update for step 4.
	Change in internal coordinate of 2.23e+00 exceeds limit of 5.00e-01.
	Skipping Hessian update for step 3.
	Change in internal coordinate of 2.23e+00 exceeds limit of 5.00e-01.
	Skipping Hessian update for step 2.
	Change in internal coordinate of 2.23e+00 exceeds limit of 5.00e-01.
	Skipping Hessian update for step 1.
	Previous geometry is closer to target in internal coordinates, so using that one.

	Best geometry has RMS(Delta(q)) = 1.20e-04

	Change in internal coordinate of 7.14e-01 exceeds limit of 5.00e-01.
	Skipping Hessian update for step 20.
	Change in internal coordinate of 9.92e-01 exceeds limit of 5.00e-01.
	Skipping Hessian update for step 19.
	Change in internal coordinate of 1.22e+00 exceeds limit of 5.00e-01.
	Skipping Hessian update for step 18.
	Change in internal coordinate of 1.29e+00 exceeds limit of 5.00e-01.
	Skipping Hessian update for step 17.
	Change in internal coordinate of 1.42e+00 exceeds limit of 5.00e-01.
	Skipping Hessian update for step 16.
	Change in internal coordinate of 1.78e+00 exceeds limit of 5.00e-01.
	Skipping Hessian update for step 15.
	Change in internal coordinate of 1.89e+00 exceeds limit of 5.00e-01.
	Skipping Hessian update for step 14.
	Change in internal coordinate of 2.32e+00 exceeds limit of 5.00e-01.
	Skipping Hessian update for step 13.
	Change in internal coordinate of 2.34e+00 exceeds limit of 5.00e-01.
	Skipping Hessian update for step 12.
	Change in internal coordinate of 2.35e+00 exceeds limit of 5.00e-01.
	Skipping Hessian update for step 11.
	Change in internal coordinate of 2.35e+00 exceeds limit of 5.00e-01.
	Skipping Hessian update for step 10.
	Change in internal coordinate of 2.36e+00 exceeds limit of 5.00e-01.
	Skipping Hessian update for step 9.
	Change in internal coordinate of 2.36e+00 exceeds limit of 5.00e-01.
	Skipping Hessian update for step 8.
	Change in internal coordinate of 2.36e+00 exceeds limit of 5.00e-01.
	Skipping Hessian update for step 7.
	Change in internal coordinate of 2.36e+00 exceeds limit of 5.00e-01.
	Skipping Hessian update for step 6.
	Change in internal coordinate of 2.36e+00 exceeds limit of 5.00e-01.
	Skipping Hessian update for step 5.
	Change in internal coordinate of 2.36e+00 exceeds limit of 5.00e-01.
	Skipping Hessian update for step 4.
	Change in internal coordinate of 2.36e+00 exceeds limit of 5.00e-01.
	Skipping Hessian update for step 3.
	Change in internal coordinate of 2.36e+00 exceeds limit of 5.00e-01.
	Skipping Hessian update for step 2.
	Change in internal coordinate of 2.36e+00 exceeds limit of 5.00e-01.
	Skipping Hessian update for step 1.
	Previous geometry is closer to target in internal coordinates, so using that one.

	Best geometry has RMS(Delta(q)) = 6.04e-04

	Change in internal coordinate of 6.42e-01 exceeds limit of 5.00e-01.
	Skipping Hessian update for step 21.
	Change in internal coordinate of 9.13e-01 exceeds limit of 5.00e-01.
	Skipping Hessian update for step 20.
	Change in internal coordinate of 1.19e+00 exceeds limit of 5.00e-01.
	Skipping Hessian update for step 19.
	Change in internal coordinate of 1.42e+00 exceeds limit of 5.00e-01.
	Skipping Hessian update for step 18.
	Change in internal coordinate of 1.49e+00 exceeds limit of 5.00e-01.
	Skipping Hessian update for step 17.
	Change in internal coordinate of 1.62e+00 exceeds limit of 5.00e-01.
	Skipping Hessian update for step 16.
	Change in internal coordinate of 1.99e+00 exceeds limit of 5.00e-01.
	Skipping Hessian update for step 15.
	Change in internal coordinate of 2.10e+00 exceeds limit of 5.00e-01.
	Skipping Hessian update for step 14.
	Change in internal coordinate of 2.53e+00 exceeds limit of 5.00e-01.
	Skipping Hessian update for step 13.
	Change in internal coordinate of 2.55e+00 exceeds limit of 5.00e-01.
	Skipping Hessian update for step 12.
	Change in internal coordinate of 2.56e+00 exceeds limit of 5.00e-01.
	Skipping Hessian update for step 11.
	Change in internal coordinate of 2.56e+00 exceeds limit of 5.00e-01.
	Skipping Hessian update for step 10.
	Change in internal coordinate of 2.57e+00 exceeds limit of 5.00e-01.
	Skipping Hessian update for step 9.
	Change in internal coordinate of 2.57e+00 exceeds limit of 5.00e-01.
	Skipping Hessian update for step 8.
	Change in internal coordinate of 2.57e+00 exceeds limit of 5.00e-01.
	Skipping Hessian update for step 7.
	Change in internal coordinate of 2.57e+00 exceeds limit of 5.00e-01.
	Skipping Hessian update for step 6.
	Change in internal coordinate of 2.57e+00 exceeds limit of 5.00e-01.
	Skipping Hessian update for step 5.
	Change in internal coordinate of 2.57e+00 exceeds limit of 5.00e-01.
	Skipping Hessian update for step 4.
	Change in internal coordinate of 2.57e+00 exceeds limit of 5.00e-01.
	Skipping Hessian update for step 3.
	Change in internal coordinate of 2.57e+00 exceeds limit of 5.00e-01.
	Skipping Hessian update for step 2.
	Change in internal coordinate of 2.57e+00 exceeds limit of 5.00e-01.
	Skipping Hessian update for step 1.
	Energy ratio indicates iffy step.
	Intrafrag trust radius decreased to   0.25.
	Previous geometry is closer to target in internal coordinates, so using that one.

	Best geometry has RMS(Delta(q)) = 5.65e-05

	Change in internal coordinate of 6.30e-01 exceeds limit of 5.00e-01.
	Skipping Hessian update for step 21.
	Change in internal coordinate of 8.93e-01 exceeds limit of 5.00e-01.
	Skipping Hessian update for step 20.
	Change in internal coordinate of 1.17e+00 exceeds limit of 5.00e-01.
	Skipping Hessian update for step 19.
	Change in internal coordinate of 1.40e+00 exceeds limit of 5.00e-01.
	Skipping Hessian update for step 18.
	Change in internal coordinate of 1.47e+00 exceeds limit of 5.00e-01.
	Skipping Hessian update for step 17.
	Change in internal coordinate of 1.60e+00 exceeds limit of 5.00e-01.
	Skipping Hessian update for step 16.
	Change in internal coordinate of 1.94e+00 exceeds limit of 5.00e-01.
	Skipping Hessian update for step 15.
	Change in internal coordinate of 2.04e+00 exceeds limit of 5.00e-01.
	Skipping Hessian update for step 14.
	Change in internal coordinate of 2.48e+00 exceeds limit of 5.00e-01.
	Skipping Hessian update for step 13.
	Change in internal coordinate of 2.49e+00 exceeds limit of 5.00e-01.
	Skipping Hessian update for step 12.
	Change in internal coordinate of 2.51e+00 exceeds limit of 5.00e-01.
	Skipping Hessian update for step 11.
	Change in internal coordinate of 2.51e+00 exceeds limit of 5.00e-01.
	Skipping Hessian update for step 10.
	Change in internal coordinate of 2.51e+00 exceeds limit of 5.00e-01.
	Skipping Hessian update for step 9.
	Change in internal coordinate of 2.51e+00 exceeds limit of 5.00e-01.
	Skipping Hessian update for step 8.
	Change in internal coordinate of 2.51e+00 exceeds limit of 5.00e-01.
	Skipping Hessian update for step 7.
	Change in internal coordinate of 2.51e+00 exceeds limit of 5.00e-01.
	Skipping Hessian update for step 6.
	Change in internal coordinate of 2.52e+00 exceeds limit of 5.00e-01.
	Skipping Hessian update for step 5.
	Change in internal coordinate of 2.51e+00 exceeds limit of 5.00e-01.
	Skipping Hessian update for step 4.
	Change in internal coordinate of 2.51e+00 exceeds limit of 5.00e-01.
	Skipping Hessian update for step 3.
	Change in internal coordinate of 2.51e+00 exceeds limit of 5.00e-01.
	Skipping Hessian update for step 2.
	Change in internal coordinate of 2.51e+00 exceeds limit of 5.00e-01.
	Skipping Hessian update for step 1.
	Previous geometry is closer to target in internal coordinates, so using that one.

	Best geometry has RMS(Delta(q)) = 1.74e-07

	Energy ratio indicates iffy step.
	Intrafrag trust radius decreased to   0.25.
Optimizer: Optimization complete!
S matrix is not positive-definite!
Consider changing the average area of the cavity finite elements.
Normally an error, this has been commuted to a warning via patch.
Please report this issue: https://github.com/PCMSolver/pcmsolver/issues/206

S matrix is not positive-definite!
Consider changing the average area of the cavity finite elements.
Normally an error, this has been commuted to a warning via patch.
Please report this issue: https://github.com/PCMSolver/pcmsolver/issues/206

    ctl-Se   d=2.25  E=-5055.14429572 
Hessian guess encountered unknown coordinate type.

	Previous geometry is closer to target in internal coordinates, so using that one.

	Best geometry has RMS(Delta(q)) = 1.48e-05

	Change in internal coordinate of 5.47e-01 exceeds limit of 5.00e-01.
	Skipping Hessian update for step 1.
	Previous geometry is closer to target in internal coordinates, so using that one.

	Best geometry has RMS(Delta(q)) = 1.94e-04

	Change in internal coordinate of 5.53e-01 exceeds limit of 5.00e-01.
	Skipping Hessian update for step 3.
	Change in internal coordinate of 7.86e-01 exceeds limit of 5.00e-01.
	Skipping Hessian update for step 2.
	Change in internal coordinate of 8.58e-01 exceeds limit of 5.00e-01.
	Skipping Hessian update for step 1.
	Energy ratio indicates iffy step.
	Intrafrag trust radius decreased to   0.25.
	Previous geometry is closer to target in internal coordinates, so using that one.

	Best geometry has RMS(Delta(q)) = 1.99e-04

	Change in internal coordinate of 6.21e-01 exceeds limit of 5.00e-01.
	Skipping Hessian update for step 3.
	Change in internal coordinate of 8.54e-01 exceeds limit of 5.00e-01.
	Skipping Hessian update for step 2.
	Change in internal coordinate of 9.26e-01 exceeds limit of 5.00e-01.
	Skipping Hessian update for step 1.
	Previous geometry is closer to target in internal coordinates, so using that one.

	Best geometry has RMS(Delta(q)) = 5.60e-05

	Change in internal coordinate of 5.01e-01 exceeds limit of 5.00e-01.
	Skipping Hessian update for step 4.
	Change in internal coordinate of 7.44e-01 exceeds limit of 5.00e-01.
	Skipping Hessian update for step 3.
	Change in internal coordinate of 9.77e-01 exceeds limit of 5.00e-01.
	Skipping Hessian update for step 2.
	Change in internal coordinate of 1.05e+00 exceeds limit of 5.00e-01.
	Skipping Hessian update for step 1.
	Energy ratio indicates iffy step.
	Intrafrag trust radius decreased to 0.0625.
	Change in internal coordinate of 5.12e-01 exceeds limit of 5.00e-01.
	Skipping Hessian update for step 4.
	Change in internal coordinate of 7.54e-01 exceeds limit of 5.00e-01.
	Skipping Hessian update for step 3.
	Change in internal coordinate of 9.87e-01 exceeds limit of 5.00e-01.
	Skipping Hessian update for step 2.
	Change in internal coordinate of 1.06e+00 exceeds limit of 5.00e-01.
	Skipping Hessian update for step 1.
	Previous geometry is closer to target in internal coordinates, so using that one.

	Best geometry has RMS(Delta(q)) = 1.01e-05

	Change in internal coordinate of 6.14e-01 exceeds limit of 5.00e-01.
	Skipping Hessian update for step 10.
	Change in internal coordinate of 7.58e-01 exceeds limit of 5.00e-01.
	Skipping Hessian update for step 9.
	Change in internal coordinate of 7.95e-01 exceeds limit of 5.00e-01.
	Skipping Hessian update for step 8.
	Change in internal coordinate of 7.97e-01 exceeds limit of 5.00e-01.
	Skipping Hessian update for step 7.
	Change in internal coordinate of 8.04e-01 exceeds limit of 5.00e-01.
	Skipping Hessian update for step 6.
	Change in internal coordinate of 8.16e-01 exceeds limit of 5.00e-01.
	Skipping Hessian update for step 5.
	Change in internal coordinate of 8.07e-01 exceeds limit of 5.00e-01.
	Skipping Hessian update for step 4.
	Change in internal coordinate of 1.00e+00 exceeds limit of 5.00e-01.
	Skipping Hessian update for step 3.
	Change in internal coordinate of 1.24e+00 exceeds limit of 5.00e-01.
	Skipping Hessian update for step 2.
	Energy has increased in a minimization.
	Energy ratio indicates iffy step.
	Intrafrag trust radius decreased to   0.25.
	Change in internal coordinate of 5.99e-01 exceeds limit of 5.00e-01.
	Skipping Hessian update for step 10.
	Change in internal coordinate of 7.43e-01 exceeds limit of 5.00e-01.
	Skipping Hessian update for step 9.
	Change in internal coordinate of 7.80e-01 exceeds limit of 5.00e-01.
	Skipping Hessian update for step 8.
	Change in internal coordinate of 7.82e-01 exceeds limit of 5.00e-01.
	Skipping Hessian update for step 7.
	Change in internal coordinate of 7.89e-01 exceeds limit of 5.00e-01.
	Skipping Hessian update for step 6.
	Change in internal coordinate of 8.00e-01 exceeds limit of 5.00e-01.
	Skipping Hessian update for step 5.
	Change in internal coordinate of 7.92e-01 exceeds limit of 5.00e-01.
	Skipping Hessian update for step 4.
	Change in internal coordinate of 1.02e+00 exceeds limit of 5.00e-01.
	Skipping Hessian update for step 3.
	Change in internal coordinate of 1.25e+00 exceeds limit of 5.00e-01.
	Skipping Hessian update for step 2.
	Change in internal coordinate of 1.32e+00 exceeds limit of 5.00e-01.
	Skipping Hessian update for step 1.
	Change in internal coordinate of 6.94e-01 exceeds limit of 5.00e-01.
	Skipping Hessian update for step 12.
	Change in internal coordinate of 6.79e-01 exceeds limit of 5.00e-01.
	Skipping Hessian update for step 11.
	Change in internal coordinate of 1.29e+00 exceeds limit of 5.00e-01.
	Skipping Hessian update for step 10.
	Change in internal coordinate of 1.44e+00 exceeds limit of 5.00e-01.
	Skipping Hessian update for step 9.
	Change in internal coordinate of 1.47e+00 exceeds limit of 5.00e-01.
	Skipping Hessian update for step 8.
	Change in internal coordinate of 1.48e+00 exceeds limit of 5.00e-01.
	Skipping Hessian update for step 7.
	Change in internal coordinate of 1.48e+00 exceeds limit of 5.00e-01.
	Skipping Hessian update for step 6.
	Change in internal coordinate of 1.49e+00 exceeds limit of 5.00e-01.
	Skipping Hessian update for step 5.
	Change in internal coordinate of 1.49e+00 exceeds limit of 5.00e-01.
	Skipping Hessian update for step 4.
	Change in internal coordinate of 1.49e+00 exceeds limit of 5.00e-01.
	Skipping Hessian update for step 3.
	Change in internal coordinate of 1.49e+00 exceeds limit of 5.00e-01.
	Skipping Hessian update for step 2.
	Previous geometry is closer to target in internal coordinates, so using that one.

	Best geometry has RMS(Delta(q)) = 3.27e-03

	Change in internal coordinate of 9.25e-01 exceeds limit of 5.00e-01.
	Skipping Hessian update for step 10.
	Change in internal coordinate of 1.07e+00 exceeds limit of 5.00e-01.
	Skipping Hessian update for step 9.
	Change in internal coordinate of 1.11e+00 exceeds limit of 5.00e-01.
	Skipping Hessian update for step 8.
	Change in internal coordinate of 1.11e+00 exceeds limit of 5.00e-01.
	Skipping Hessian update for step 7.
	Change in internal coordinate of 1.11e+00 exceeds limit of 5.00e-01.
	Skipping Hessian update for step 6.
	Change in internal coordinate of 1.13e+00 exceeds limit of 5.00e-01.
	Skipping Hessian update for step 5.
	Change in internal coordinate of 1.12e+00 exceeds limit of 5.00e-01.
	Skipping Hessian update for step 4.
	Change in internal coordinate of 1.19e+00 exceeds limit of 5.00e-01.
	Skipping Hessian update for step 3.
	Change in internal coordinate of 1.42e+00 exceeds limit of 5.00e-01.
	Skipping Hessian update for step 2.
	Change in internal coordinate of 1.49e+00 exceeds limit of 5.00e-01.
	Skipping Hessian update for step 1.
	Change in internal coordinate of 5.14e-01 exceeds limit of 5.00e-01.
	Skipping Hessian update for step 12.
	Change in internal coordinate of 1.11e+00 exceeds limit of 5.00e-01.
	Skipping Hessian update for step 10.
	Change in internal coordinate of 1.26e+00 exceeds limit of 5.00e-01.
	Skipping Hessian update for step 9.
	Change in internal coordinate of 1.29e+00 exceeds limit of 5.00e-01.
	Skipping Hessian update for step 8.
	Change in internal coordinate of 1.30e+00 exceeds limit of 5.00e-01.
	Skipping Hessian update for step 7.
	Change in internal coordinate of 1.30e+00 exceeds limit of 5.00e-01.
	Skipping Hessian update for step 6.
	Change in internal coordinate of 1.31e+00 exceeds limit of 5.00e-01.
	Skipping Hessian update for step 5.
	Change in internal coordinate of 1.31e+00 exceeds limit of 5.00e-01.
	Skipping Hessian update for step 4.
	Change in internal coordinate of 1.37e+00 exceeds limit of 5.00e-01.
	Skipping Hessian update for step 3.
	Change in internal coordinate of 1.60e+00 exceeds limit of 5.00e-01.
	Skipping Hessian update for step 2.
	Change in internal coordinate of 1.68e+00 exceeds limit of 5.00e-01.
	Skipping Hessian update for step 1.
	Change in internal coordinate of 6.62e-01 exceeds limit of 5.00e-01.
	Skipping Hessian update for step 12.
	Change in internal coordinate of 6.47e-01 exceeds limit of 5.00e-01.
	Skipping Hessian update for step 11.
	Change in internal coordinate of 1.26e+00 exceeds limit of 5.00e-01.
	Skipping Hessian update for step 10.
	Change in internal coordinate of 1.41e+00 exceeds limit of 5.00e-01.
	Skipping Hessian update for step 9.
	Change in internal coordinate of 1.44e+00 exceeds limit of 5.00e-01.
	Skipping Hessian update for step 8.
	Change in internal coordinate of 1.44e+00 exceeds limit of 5.00e-01.
	Skipping Hessian update for step 7.
	Change in internal coordinate of 1.45e+00 exceeds limit of 5.00e-01.
	Skipping Hessian update for step 6.
	Change in internal coordinate of 1.46e+00 exceeds limit of 5.00e-01.
	Skipping Hessian update for step 5.
	Change in internal coordinate of 1.45e+00 exceeds limit of 5.00e-01.
	Skipping Hessian update for step 4.
	Change in internal coordinate of 1.50e+00 exceeds limit of 5.00e-01.
	Skipping Hessian update for step 3.
	Change in internal coordinate of 1.73e+00 exceeds limit of 5.00e-01.
	Skipping Hessian update for step 2.
	Change in internal coordinate of 1.80e+00 exceeds limit of 5.00e-01.
	Skipping Hessian update for step 1.
	Previous geometry is closer to target in internal coordinates, so using that one.

	Best geometry has RMS(Delta(q)) = 5.29e-04

	Change in internal coordinate of 5.67e-01 exceeds limit of 5.00e-01.
	Skipping Hessian update for step 14.
	Change in internal coordinate of 5.94e-01 exceeds limit of 5.00e-01.
	Skipping Hessian update for step 13.
	Change in internal coordinate of 8.93e-01 exceeds limit of 5.00e-01.
	Skipping Hessian update for step 12.
	Change in internal coordinate of 8.78e-01 exceeds limit of 5.00e-01.
	Skipping Hessian update for step 11.
	Change in internal coordinate of 1.49e+00 exceeds limit of 5.00e-01.
	Skipping Hessian update for step 10.
	Change in internal coordinate of 1.64e+00 exceeds limit of 5.00e-01.
	Skipping Hessian update for step 9.
	Change in internal coordinate of 1.67e+00 exceeds limit of 5.00e-01.
	Skipping Hessian update for step 8.
	Change in internal coordinate of 1.67e+00 exceeds limit of 5.00e-01.
	Skipping Hessian update for step 7.
	Change in internal coordinate of 1.68e+00 exceeds limit of 5.00e-01.
	Skipping Hessian update for step 6.
	Change in internal coordinate of 1.69e+00 exceeds limit of 5.00e-01.
	Skipping Hessian update for step 5.
	Change in internal coordinate of 1.68e+00 exceeds limit of 5.00e-01.
	Skipping Hessian update for step 4.
	Change in internal coordinate of 1.69e+00 exceeds limit of 5.00e-01.
	Skipping Hessian update for step 3.
	Change in internal coordinate of 1.82e+00 exceeds limit of 5.00e-01.
	Skipping Hessian update for step 2.
	Change in internal coordinate of 1.89e+00 exceeds limit of 5.00e-01.
	Skipping Hessian update for step 1.
	Previous geometry is closer to target in internal coordinates, so using that one.

	Best geometry has RMS(Delta(q)) = 4.74e-04

	Change in internal coordinate of 6.36e-01 exceeds limit of 5.00e-01.
	Skipping Hessian update for step 15.
	Change in internal coordinate of 7.95e-01 exceeds limit of 5.00e-01.
	Skipping Hessian update for step 14.
	Change in internal coordinate of 8.18e-01 exceeds limit of 5.00e-01.
	Skipping Hessian update for step 13.
	Change in internal coordinate of 1.12e+00 exceeds limit of 5.00e-01.
	Skipping Hessian update for step 12.
	Change in internal coordinate of 1.11e+00 exceeds limit of 5.00e-01.
	Skipping Hessian update for step 11.
	Change in internal coordinate of 1.72e+00 exceeds limit of 5.00e-01.
	Skipping Hessian update for step 10.
	Change in internal coordinate of 1.86e+00 exceeds limit of 5.00e-01.
	Skipping Hessian update for step 9.
	Change in internal coordinate of 1.90e+00 exceeds limit of 5.00e-01.
	Skipping Hessian update for step 8.
	Change in internal coordinate of 1.90e+00 exceeds limit of 5.00e-01.
	Skipping Hessian update for step 7.
	Change in internal coordinate of 1.91e+00 exceeds limit of 5.00e-01.
	Skipping Hessian update for step 6.
	Change in internal coordinate of 1.92e+00 exceeds limit of 5.00e-01.
	Skipping Hessian update for step 5.
	Change in internal coordinate of 1.91e+00 exceeds limit of 5.00e-01.
	Skipping Hessian update for step 4.
	Change in internal coordinate of 1.92e+00 exceeds limit of 5.00e-01.
	Skipping Hessian update for step 3.
	Change in internal coordinate of 1.91e+00 exceeds limit of 5.00e-01.
	Skipping Hessian update for step 2.
	Change in internal coordinate of 1.96e+00 exceeds limit of 5.00e-01.
	Skipping Hessian update for step 1.
	Previous geometry is closer to target in internal coordinates, so using that one.

	Best geometry has RMS(Delta(q)) = 3.58e-04

	Change in internal coordinate of 5.35e-01 exceeds limit of 5.00e-01.
	Skipping Hessian update for step 17.
	Change in internal coordinate of 7.57e-01 exceeds limit of 5.00e-01.
	Skipping Hessian update for step 16.
	Change in internal coordinate of 9.13e-01 exceeds limit of 5.00e-01.
	Skipping Hessian update for step 15.
	Change in internal coordinate of 9.91e-01 exceeds limit of 5.00e-01.
	Skipping Hessian update for step 14.
	Change in internal coordinate of 1.09e+00 exceeds limit of 5.00e-01.
	Skipping Hessian update for step 13.
	Change in internal coordinate of 1.32e+00 exceeds limit of 5.00e-01.
	Skipping Hessian update for step 12.
	Change in internal coordinate of 1.30e+00 exceeds limit of 5.00e-01.
	Skipping Hessian update for step 11.
	Change in internal coordinate of 1.92e+00 exceeds limit of 5.00e-01.
	Skipping Hessian update for step 10.
	Change in internal coordinate of 2.06e+00 exceeds limit of 5.00e-01.
	Skipping Hessian update for step 9.
	Change in internal coordinate of 2.10e+00 exceeds limit of 5.00e-01.
	Skipping Hessian update for step 8.
	Change in internal coordinate of 2.10e+00 exceeds limit of 5.00e-01.
	Skipping Hessian update for step 7.
	Change in internal coordinate of 2.11e+00 exceeds limit of 5.00e-01.
	Skipping Hessian update for step 6.
	Change in internal coordinate of 2.12e+00 exceeds limit of 5.00e-01.
	Skipping Hessian update for step 5.
	Change in internal coordinate of 2.11e+00 exceeds limit of 5.00e-01.
	Skipping Hessian update for step 4.
	Change in internal coordinate of 2.11e+00 exceeds limit of 5.00e-01.
	Skipping Hessian update for step 3.
	Change in internal coordinate of 2.11e+00 exceeds limit of 5.00e-01.
	Skipping Hessian update for step 2.
	Change in internal coordinate of 2.11e+00 exceeds limit of 5.00e-01.
	Skipping Hessian update for step 1.
	Change in internal coordinate of 5.28e-01 exceeds limit of 5.00e-01.
	Skipping Hessian update for step 18.
	Change in internal coordinate of 7.86e-01 exceeds limit of 5.00e-01.
	Skipping Hessian update for step 17.
	Change in internal coordinate of 1.01e+00 exceeds limit of 5.00e-01.
	Skipping Hessian update for step 16.
	Change in internal coordinate of 1.16e+00 exceeds limit of 5.00e-01.
	Skipping Hessian update for step 15.
	Change in internal coordinate of 1.20e+00 exceeds limit of 5.00e-01.
	Skipping Hessian update for step 14.
	Change in internal coordinate of 1.35e+00 exceeds limit of 5.00e-01.
	Skipping Hessian update for step 13.
	Change in internal coordinate of 1.49e+00 exceeds limit of 5.00e-01.
	Skipping Hessian update for step 12.
	Change in internal coordinate of 1.48e+00 exceeds limit of 5.00e-01.
	Skipping Hessian update for step 11.
	Change in internal coordinate of 2.09e+00 exceeds limit of 5.00e-01.
	Skipping Hessian update for step 10.
	Change in internal coordinate of 2.23e+00 exceeds limit of 5.00e-01.
	Skipping Hessian update for step 9.
	Change in internal coordinate of 2.27e+00 exceeds limit of 5.00e-01.
	Skipping Hessian update for step 8.
	Change in internal coordinate of 2.27e+00 exceeds limit of 5.00e-01.
	Skipping Hessian update for step 7.
	Change in internal coordinate of 2.28e+00 exceeds limit of 5.00e-01.
	Skipping Hessian update for step 6.
	Change in internal coordinate of 2.29e+00 exceeds limit of 5.00e-01.
	Skipping Hessian update for step 5.
	Change in internal coordinate of 2.28e+00 exceeds limit of 5.00e-01.
	Skipping Hessian update for step 4.
	Change in internal coordinate of 2.29e+00 exceeds limit of 5.00e-01.
	Skipping Hessian update for step 3.
	Change in internal coordinate of 2.29e+00 exceeds limit of 5.00e-01.
	Skipping Hessian update for step 2.
	Change in internal coordinate of 2.29e+00 exceeds limit of 5.00e-01.
	Skipping Hessian update for step 1.
	Change in internal coordinate of 7.71e-01 exceeds limit of 5.00e-01.
	Skipping Hessian update for step 18.
	Change in internal coordinate of 1.03e+00 exceeds limit of 5.00e-01.
	Skipping Hessian update for step 17.
	Change in internal coordinate of 1.25e+00 exceeds limit of 5.00e-01.
	Skipping Hessian update for step 16.
	Change in internal coordinate of 1.41e+00 exceeds limit of 5.00e-01.
	Skipping Hessian update for step 15.
	Change in internal coordinate of 1.44e+00 exceeds limit of 5.00e-01.
	Skipping Hessian update for step 14.
	Change in internal coordinate of 1.59e+00 exceeds limit of 5.00e-01.
	Skipping Hessian update for step 13.
	Change in internal coordinate of 1.72e+00 exceeds limit of 5.00e-01.
	Skipping Hessian update for step 12.
	Change in internal coordinate of 1.71e+00 exceeds limit of 5.00e-01.
	Skipping Hessian update for step 11.
	Change in internal coordinate of 2.32e+00 exceeds limit of 5.00e-01.
	Skipping Hessian update for step 10.
	Change in internal coordinate of 2.47e+00 exceeds limit of 5.00e-01.
	Skipping Hessian update for step 9.
	Change in internal coordinate of 2.50e+00 exceeds limit of 5.00e-01.
	Skipping Hessian update for step 8.
	Change in internal coordinate of 2.50e+00 exceeds limit of 5.00e-01.
	Skipping Hessian update for step 7.
	Change in internal coordinate of 2.51e+00 exceeds limit of 5.00e-01.
	Skipping Hessian update for step 6.
	Change in internal coordinate of 2.52e+00 exceeds limit of 5.00e-01.
	Skipping Hessian update for step 5.
	Change in internal coordinate of 2.51e+00 exceeds limit of 5.00e-01.
	Skipping Hessian update for step 4.
	Change in internal coordinate of 2.52e+00 exceeds limit of 5.00e-01.
	Skipping Hessian update for step 3.
	Change in internal coordinate of 2.52e+00 exceeds limit of 5.00e-01.
	Skipping Hessian update for step 2.
	Change in internal coordinate of 2.52e+00 exceeds limit of 5.00e-01.
	Skipping Hessian update for step 1.
	Previous geometry is closer to target in internal coordinates, so using that one.

	Best geometry has RMS(Delta(q)) = 1.26e-05

	Change in internal coordinate of 5.12e-01 exceeds limit of 5.00e-01.
	Skipping Hessian update for step 19.
	Change in internal coordinate of 7.88e-01 exceeds limit of 5.00e-01.
	Skipping Hessian update for step 18.
	Change in internal coordinate of 1.05e+00 exceeds limit of 5.00e-01.
	Skipping Hessian update for step 17.
	Change in internal coordinate of 1.27e+00 exceeds limit of 5.00e-01.
	Skipping Hessian update for step 16.
	Change in internal coordinate of 1.42e+00 exceeds limit of 5.00e-01.
	Skipping Hessian update for step 15.
	Change in internal coordinate of 1.46e+00 exceeds limit of 5.00e-01.
	Skipping Hessian update for step 14.
	Change in internal coordinate of 1.61e+00 exceeds limit of 5.00e-01.
	Skipping Hessian update for step 13.
	Change in internal coordinate of 1.69e+00 exceeds limit of 5.00e-01.
	Skipping Hessian update for step 12.
	Change in internal coordinate of 1.68e+00 exceeds limit of 5.00e-01.
	Skipping Hessian update for step 11.
	Change in internal coordinate of 2.29e+00 exceeds limit of 5.00e-01.
	Skipping Hessian update for step 10.
	Change in internal coordinate of 2.43e+00 exceeds limit of 5.00e-01.
	Skipping Hessian update for step 9.
	Change in internal coordinate of 2.47e+00 exceeds limit of 5.00e-01.
	Skipping Hessian update for step 8.
	Change in internal coordinate of 2.47e+00 exceeds limit of 5.00e-01.
	Skipping Hessian update for step 7.
	Change in internal coordinate of 2.48e+00 exceeds limit of 5.00e-01.
	Skipping Hessian update for step 6.
	Change in internal coordinate of 2.49e+00 exceeds limit of 5.00e-01.
	Skipping Hessian update for step 5.
	Change in internal coordinate of 2.48e+00 exceeds limit of 5.00e-01.
	Skipping Hessian update for step 4.
	Change in internal coordinate of 2.49e+00 exceeds limit of 5.00e-01.
	Skipping Hessian update for step 3.
	Change in internal coordinate of 2.49e+00 exceeds limit of 5.00e-01.
	Skipping Hessian update for step 2.
	Change in internal coordinate of 2.49e+00 exceeds limit of 5.00e-01.
	Skipping Hessian update for step 1.
	Change in internal coordinate of 6.71e-01 exceeds limit of 5.00e-01.
	Skipping Hessian update for step 19.
	Change in internal coordinate of 9.43e-01 exceeds limit of 5.00e-01.
	Skipping Hessian update for step 18.
	Change in internal coordinate of 1.20e+00 exceeds limit of 5.00e-01.
	Skipping Hessian update for step 17.
	Change in internal coordinate of 1.42e+00 exceeds limit of 5.00e-01.
	Skipping Hessian update for step 16.
	Change in internal coordinate of 1.58e+00 exceeds limit of 5.00e-01.
	Skipping Hessian update for step 15.
	Change in internal coordinate of 1.61e+00 exceeds limit of 5.00e-01.
	Skipping Hessian update for step 14.
	Change in internal coordinate of 1.76e+00 exceeds limit of 5.00e-01.
	Skipping Hessian update for step 13.
	Change in internal coordinate of 1.82e+00 exceeds limit of 5.00e-01.
	Skipping Hessian update for step 12.
	Change in internal coordinate of 1.80e+00 exceeds limit of 5.00e-01.
	Skipping Hessian update for step 11.
	Change in internal coordinate of 2.42e+00 exceeds limit of 5.00e-01.
	Skipping Hessian update for step 10.
	Change in internal coordinate of 2.56e+00 exceeds limit of 5.00e-01.
	Skipping Hessian update for step 9.
	Change in internal coordinate of 2.60e+00 exceeds limit of 5.00e-01.
	Skipping Hessian update for step 8.
	Change in internal coordinate of 2.60e+00 exceeds limit of 5.00e-01.
	Skipping Hessian update for step 7.
	Change in internal coordinate of 2.61e+00 exceeds limit of 5.00e-01.
	Skipping Hessian update for step 6.
	Change in internal coordinate of 2.62e+00 exceeds limit of 5.00e-01.
	Skipping Hessian update for step 5.
	Change in internal coordinate of 2.61e+00 exceeds limit of 5.00e-01.
	Skipping Hessian update for step 4.
	Change in internal coordinate of 2.61e+00 exceeds limit of 5.00e-01.
	Skipping Hessian update for step 3.
	Change in internal coordinate of 2.61e+00 exceeds limit of 5.00e-01.
	Skipping Hessian update for step 2.
	Change in internal coordinate of 2.61e+00 exceeds limit of 5.00e-01.
	Skipping Hessian update for step 1.
	Previous geometry is closer to target in internal coordinates, so using that one.

	Best geometry has RMS(Delta(q)) = 8.31e-07

	Previous geometry is closer to target in internal coordinates, so using that one.

	Best geometry has RMS(Delta(q)) = 2.14e-05

	Previous geometry is closer to target in internal coordinates, so using that one.

	Best geometry has RMS(Delta(q)) = 2.74e-06

	Previous geometry is closer to target in internal coordinates, so using that one.

	Best geometry has RMS(Delta(q)) = 6.68e-08

Optimizer: Optimization complete!
    ctl-Se   d=2.10  E=-5055.15798913 
Hessian guess encountered unknown coordinate type.

	Change in internal coordinate of 5.96e-01 exceeds limit of 5.00e-01.
	Skipping Hessian update for step 2.
	Change in internal coordinate of 6.65e-01 exceeds limit of 5.00e-01.
	Skipping Hessian update for step 1.
	Change in internal coordinate of 7.77e-01 exceeds limit of 5.00e-01.
	Skipping Hessian update for step 3.
	Change in internal coordinate of 1.02e+00 exceeds limit of 5.00e-01.
	Skipping Hessian update for step 2.
	Change in internal coordinate of 1.09e+00 exceeds limit of 5.00e-01.
	Skipping Hessian update for step 1.
	Change in internal coordinate of 6.92e-01 exceeds limit of 5.00e-01.
	Skipping Hessian update for step 4.
	Change in internal coordinate of 1.05e+00 exceeds limit of 5.00e-01.
	Skipping Hessian update for step 3.
	Change in internal coordinate of 1.29e+00 exceeds limit of 5.00e-01.
	Skipping Hessian update for step 2.
	Change in internal coordinate of 1.36e+00 exceeds limit of 5.00e-01.
	Skipping Hessian update for step 1.
	Energy has increased in a minimization.
	Energy ratio indicates iffy step.
	Intrafrag trust radius decreased to   0.25.
	Change in internal coordinate of 7.18e-01 exceeds limit of 5.00e-01.
	Skipping Hessian update for step 4.
	Change in internal coordinate of 1.07e+00 exceeds limit of 5.00e-01.
	Skipping Hessian update for step 3.
	Change in internal coordinate of 1.31e+00 exceeds limit of 5.00e-01.
	Skipping Hessian update for step 2.
	Change in internal coordinate of 1.38e+00 exceeds limit of 5.00e-01.
	Skipping Hessian update for step 1.
	Change in internal coordinate of 8.04e-01 exceeds limit of 5.00e-01.
	Skipping Hessian update for step 4.
	Change in internal coordinate of 1.16e+00 exceeds limit of 5.00e-01.
	Skipping Hessian update for step 3.
	Change in internal coordinate of 1.40e+00 exceeds limit of 5.00e-01.
	Skipping Hessian update for step 2.
	Change in internal coordinate of 1.47e+00 exceeds limit of 5.00e-01.
	Skipping Hessian update for step 1.
	Previous geometry is closer to target in internal coordinates, so using that one.

	Best geometry has RMS(Delta(q)) = 6.92e-05

	Change in internal coordinate of 5.13e-01 exceeds limit of 5.00e-01.
	Skipping Hessian update for step 9.
	Change in internal coordinate of 5.85e-01 exceeds limit of 5.00e-01.
	Skipping Hessian update for step 8.
	Change in internal coordinate of 6.71e-01 exceeds limit of 5.00e-01.
	Skipping Hessian update for step 7.
	Change in internal coordinate of 6.97e-01 exceeds limit of 5.00e-01.
	Skipping Hessian update for step 6.
	Change in internal coordinate of 9.66e-01 exceeds limit of 5.00e-01.
	Skipping Hessian update for step 5.
	Change in internal coordinate of 1.39e+00 exceeds limit of 5.00e-01.
	Skipping Hessian update for step 4.
	Change in internal coordinate of 1.74e+00 exceeds limit of 5.00e-01.
	Skipping Hessian update for step 3.
	Change in internal coordinate of 1.99e+00 exceeds limit of 5.00e-01.
	Skipping Hessian update for step 2.
	Change in internal coordinate of 7.07e-01 exceeds limit of 5.00e-01.
	Skipping Hessian update for step 9.
	Change in internal coordinate of 7.59e-01 exceeds limit of 5.00e-01.
	Skipping Hessian update for step 8.
	Change in internal coordinate of 8.44e-01 exceeds limit of 5.00e-01.
	Skipping Hessian update for step 7.
	Change in internal coordinate of 8.70e-01 exceeds limit of 5.00e-01.
	Skipping Hessian update for step 6.
	Change in internal coordinate of 1.14e+00 exceeds limit of 5.00e-01.
	Skipping Hessian update for step 5.
	Change in internal coordinate of 1.56e+00 exceeds limit of 5.00e-01.
	Skipping Hessian update for step 4.
	Change in internal coordinate of 1.92e+00 exceeds limit of 5.00e-01.
	Skipping Hessian update for step 3.
	Change in internal coordinate of 2.16e+00 exceeds limit of 5.00e-01.
	Skipping Hessian update for step 2.
	Change in internal coordinate of 2.23e+00 exceeds limit of 5.00e-01.
	Skipping Hessian update for step 1.
	Previous geometry is closer to target in internal coordinates, so using that one.

	Best geometry has RMS(Delta(q)) = 2.03e-03

	Change in internal coordinate of 7.94e-01 exceeds limit of 5.00e-01.
	Skipping Hessian update for step 10.
	Change in internal coordinate of 1.05e+00 exceeds limit of 5.00e-01.
	Skipping Hessian update for step 9.
	Change in internal coordinate of 1.08e+00 exceeds limit of 5.00e-01.
	Skipping Hessian update for step 8.
	Change in internal coordinate of 1.09e+00 exceeds limit of 5.00e-01.
	Skipping Hessian update for step 7.
	Change in internal coordinate of 1.09e+00 exceeds limit of 5.00e-01.
	Skipping Hessian update for step 6.
	Change in internal coordinate of 1.36e+00 exceeds limit of 5.00e-01.
	Skipping Hessian update for step 5.
	Change in internal coordinate of 1.79e+00 exceeds limit of 5.00e-01.
	Skipping Hessian update for step 4.
	Change in internal coordinate of 2.14e+00 exceeds limit of 5.00e-01.
	Skipping Hessian update for step 3.
	Change in internal coordinate of 2.38e+00 exceeds limit of 5.00e-01.
	Skipping Hessian update for step 2.
	Change in internal coordinate of 2.45e+00 exceeds limit of 5.00e-01.
	Skipping Hessian update for step 1.
	Change in internal coordinate of 7.58e-01 exceeds limit of 5.00e-01.
	Skipping Hessian update for step 10.
	Change in internal coordinate of 1.01e+00 exceeds limit of 5.00e-01.
	Skipping Hessian update for step 9.
	Change in internal coordinate of 1.04e+00 exceeds limit of 5.00e-01.
	Skipping Hessian update for step 8.
	Change in internal coordinate of 1.06e+00 exceeds limit of 5.00e-01.
	Skipping Hessian update for step 7.
	Change in internal coordinate of 1.04e+00 exceeds limit of 5.00e-01.
	Skipping Hessian update for step 6.
	Change in internal coordinate of 1.13e+00 exceeds limit of 5.00e-01.
	Skipping Hessian update for step 5.
	Change in internal coordinate of 1.56e+00 exceeds limit of 5.00e-01.
	Skipping Hessian update for step 4.
	Change in internal coordinate of 1.91e+00 exceeds limit of 5.00e-01.
	Skipping Hessian update for step 3.
	Change in internal coordinate of 2.15e+00 exceeds limit of 5.00e-01.
	Skipping Hessian update for step 2.
	Change in internal coordinate of 2.22e+00 exceeds limit of 5.00e-01.
	Skipping Hessian update for step 1.
	Change in internal coordinate of 5.86e-01 exceeds limit of 5.00e-01.
	Skipping Hessian update for step 11.
	Change in internal coordinate of 1.04e+00 exceeds limit of 5.00e-01.
	Skipping Hessian update for step 10.
	Change in internal coordinate of 1.29e+00 exceeds limit of 5.00e-01.
	Skipping Hessian update for step 9.
	Change in internal coordinate of 1.32e+00 exceeds limit of 5.00e-01.
	Skipping Hessian update for step 8.
	Change in internal coordinate of 1.34e+00 exceeds limit of 5.00e-01.
	Skipping Hessian update for step 7.
	Change in internal coordinate of 1.33e+00 exceeds limit of 5.00e-01.
	Skipping Hessian update for step 6.
	Change in internal coordinate of 1.36e+00 exceeds limit of 5.00e-01.
	Skipping Hessian update for step 5.
	Change in internal coordinate of 1.57e+00 exceeds limit of 5.00e-01.
	Skipping Hessian update for step 4.
	Change in internal coordinate of 1.92e+00 exceeds limit of 5.00e-01.
	Skipping Hessian update for step 3.
	Change in internal coordinate of 2.17e+00 exceeds limit of 5.00e-01.
	Skipping Hessian update for step 2.
	Change in internal coordinate of 2.23e+00 exceeds limit of 5.00e-01.
	Skipping Hessian update for step 1.
	Previous geometry is closer to target in internal coordinates, so using that one.

	Best geometry has RMS(Delta(q)) = 1.30e-03

	Change in internal coordinate of 5.69e-01 exceeds limit of 5.00e-01.
	Skipping Hessian update for step 13.
	Change in internal coordinate of 6.63e-01 exceeds limit of 5.00e-01.
	Skipping Hessian update for step 12.
	Change in internal coordinate of 8.72e-01 exceeds limit of 5.00e-01.
	Skipping Hessian update for step 11.
	Change in internal coordinate of 1.33e+00 exceeds limit of 5.00e-01.
	Skipping Hessian update for step 10.
	Change in internal coordinate of 1.58e+00 exceeds limit of 5.00e-01.
	Skipping Hessian update for step 9.
	Change in internal coordinate of 1.61e+00 exceeds limit of 5.00e-01.
	Skipping Hessian update for step 8.
	Change in internal coordinate of 1.62e+00 exceeds limit of 5.00e-01.
	Skipping Hessian update for step 7.
	Change in internal coordinate of 1.61e+00 exceeds limit of 5.00e-01.
	Skipping Hessian update for step 6.
	Change in internal coordinate of 1.65e+00 exceeds limit of 5.00e-01.
	Skipping Hessian update for step 5.
	Change in internal coordinate of 1.63e+00 exceeds limit of 5.00e-01.
	Skipping Hessian update for step 4.
	Change in internal coordinate of 1.86e+00 exceeds limit of 5.00e-01.
	Skipping Hessian update for step 3.
	Change in internal coordinate of 2.10e+00 exceeds limit of 5.00e-01.
	Skipping Hessian update for step 2.
	Change in internal coordinate of 2.17e+00 exceeds limit of 5.00e-01.
	Skipping Hessian update for step 1.
	Change in internal coordinate of 5.88e-01 exceeds limit of 5.00e-01.
	Skipping Hessian update for step 14.
	Change in internal coordinate of 8.20e-01 exceeds limit of 5.00e-01.
	Skipping Hessian update for step 13.
	Change in internal coordinate of 9.72e-01 exceeds limit of 5.00e-01.
	Skipping Hessian update for step 12.
	Change in internal coordinate of 1.12e+00 exceeds limit of 5.00e-01.
	Skipping Hessian update for step 11.
	Change in internal coordinate of 1.58e+00 exceeds limit of 5.00e-01.
	Skipping Hessian update for step 10.
	Change in internal coordinate of 1.83e+00 exceeds limit of 5.00e-01.
	Skipping Hessian update for step 9.
	Change in internal coordinate of 1.86e+00 exceeds limit of 5.00e-01.
	Skipping Hessian update for step 8.
	Change in internal coordinate of 1.88e+00 exceeds limit of 5.00e-01.
	Skipping Hessian update for step 7.
	Change in internal coordinate of 1.86e+00 exceeds limit of 5.00e-01.
	Skipping Hessian update for step 6.
	Change in internal coordinate of 1.90e+00 exceeds limit of 5.00e-01.
	Skipping Hessian update for step 5.
	Change in internal coordinate of 1.88e+00 exceeds limit of 5.00e-01.
	Skipping Hessian update for step 4.
	Change in internal coordinate of 1.88e+00 exceeds limit of 5.00e-01.
	Skipping Hessian update for step 3.
	Change in internal coordinate of 2.02e+00 exceeds limit of 5.00e-01.
	Skipping Hessian update for step 2.
	Change in internal coordinate of 2.09e+00 exceeds limit of 5.00e-01.
	Skipping Hessian update for step 1.
	Previous geometry is closer to target in internal coordinates, so using that one.

	Best geometry has RMS(Delta(q)) = 4.64e-04

	Change in internal coordinate of 6.11e-01 exceeds limit of 5.00e-01.
	Skipping Hessian update for step 15.
	Change in internal coordinate of 8.90e-01 exceeds limit of 5.00e-01.
	Skipping Hessian update for step 14.
	Change in internal coordinate of 1.08e+00 exceeds limit of 5.00e-01.
	Skipping Hessian update for step 13.
	Change in internal coordinate of 1.27e+00 exceeds limit of 5.00e-01.
	Skipping Hessian update for step 12.
	Change in internal coordinate of 1.30e+00 exceeds limit of 5.00e-01.
	Skipping Hessian update for step 11.
	Change in internal coordinate of 1.76e+00 exceeds limit of 5.00e-01.
	Skipping Hessian update for step 10.
	Change in internal coordinate of 2.01e+00 exceeds limit of 5.00e-01.
	Skipping Hessian update for step 9.
	Change in internal coordinate of 2.04e+00 exceeds limit of 5.00e-01.
	Skipping Hessian update for step 8.
	Change in internal coordinate of 2.06e+00 exceeds limit of 5.00e-01.
	Skipping Hessian update for step 7.
	Change in internal coordinate of 2.04e+00 exceeds limit of 5.00e-01.
	Skipping Hessian update for step 6.
	Change in internal coordinate of 2.08e+00 exceeds limit of 5.00e-01.
	Skipping Hessian update for step 5.
	Change in internal coordinate of 2.06e+00 exceeds limit of 5.00e-01.
	Skipping Hessian update for step 4.
	Change in internal coordinate of 2.06e+00 exceeds limit of 5.00e-01.
	Skipping Hessian update for step 3.
	Change in internal coordinate of 2.06e+00 exceeds limit of 5.00e-01.
	Skipping Hessian update for step 2.
	Change in internal coordinate of 2.06e+00 exceeds limit of 5.00e-01.
	Skipping Hessian update for step 1.
	Previous geometry is closer to target in internal coordinates, so using that one.

	Best geometry has RMS(Delta(q)) = 1.17e-03

	Change in internal coordinate of 5.53e-01 exceeds limit of 5.00e-01.
	Skipping Hessian update for step 16.
	Change in internal coordinate of 8.62e-01 exceeds limit of 5.00e-01.
	Skipping Hessian update for step 15.
	Change in internal coordinate of 1.14e+00 exceeds limit of 5.00e-01.
	Skipping Hessian update for step 14.
	Change in internal coordinate of 1.33e+00 exceeds limit of 5.00e-01.
	Skipping Hessian update for step 13.
	Change in internal coordinate of 1.52e+00 exceeds limit of 5.00e-01.
	Skipping Hessian update for step 12.
	Change in internal coordinate of 1.55e+00 exceeds limit of 5.00e-01.
	Skipping Hessian update for step 11.
	Change in internal coordinate of 2.01e+00 exceeds limit of 5.00e-01.
	Skipping Hessian update for step 10.
	Change in internal coordinate of 2.26e+00 exceeds limit of 5.00e-01.
	Skipping Hessian update for step 9.
	Change in internal coordinate of 2.29e+00 exceeds limit of 5.00e-01.
	Skipping Hessian update for step 8.
	Change in internal coordinate of 2.31e+00 exceeds limit of 5.00e-01.
	Skipping Hessian update for step 7.
	Change in internal coordinate of 2.30e+00 exceeds limit of 5.00e-01.
	Skipping Hessian update for step 6.
	Change in internal coordinate of 2.33e+00 exceeds limit of 5.00e-01.
	Skipping Hessian update for step 5.
	Change in internal coordinate of 2.31e+00 exceeds limit of 5.00e-01.
	Skipping Hessian update for step 4.
	Change in internal coordinate of 2.31e+00 exceeds limit of 5.00e-01.
	Skipping Hessian update for step 3.
	Change in internal coordinate of 2.31e+00 exceeds limit of 5.00e-01.
	Skipping Hessian update for step 2.
	Change in internal coordinate of 2.31e+00 exceeds limit of 5.00e-01.
	Skipping Hessian update for step 1.
	Change in internal coordinate of 6.18e-01 exceeds limit of 5.00e-01.
	Skipping Hessian update for step 16.
	Change in internal coordinate of 9.27e-01 exceeds limit of 5.00e-01.
	Skipping Hessian update for step 15.
	Change in internal coordinate of 1.21e+00 exceeds limit of 5.00e-01.
	Skipping Hessian update for step 14.
	Change in internal coordinate of 1.40e+00 exceeds limit of 5.00e-01.
	Skipping Hessian update for step 13.
	Change in internal coordinate of 1.59e+00 exceeds limit of 5.00e-01.
	Skipping Hessian update for step 12.
	Change in internal coordinate of 1.55e+00 exceeds limit of 5.00e-01.
	Skipping Hessian update for step 11.
	Change in internal coordinate of 1.98e+00 exceeds limit of 5.00e-01.
	Skipping Hessian update for step 10.
	Change in internal coordinate of 2.24e+00 exceeds limit of 5.00e-01.
	Skipping Hessian update for step 9.
	Change in internal coordinate of 2.27e+00 exceeds limit of 5.00e-01.
	Skipping Hessian update for step 8.
	Change in internal coordinate of 2.28e+00 exceeds limit of 5.00e-01.
	Skipping Hessian update for step 7.
	Change in internal coordinate of 2.27e+00 exceeds limit of 5.00e-01.
	Skipping Hessian update for step 6.
	Change in internal coordinate of 2.30e+00 exceeds limit of 5.00e-01.
	Skipping Hessian update for step 5.
	Change in internal coordinate of 2.29e+00 exceeds limit of 5.00e-01.
	Skipping Hessian update for step 4.
	Change in internal coordinate of 2.29e+00 exceeds limit of 5.00e-01.
	Skipping Hessian update for step 3.
	Change in internal coordinate of 2.29e+00 exceeds limit of 5.00e-01.
	Skipping Hessian update for step 2.
	Change in internal coordinate of 2.29e+00 exceeds limit of 5.00e-01.
	Skipping Hessian update for step 1.
	Change in internal coordinate of 7.95e-01 exceeds limit of 5.00e-01.
	Skipping Hessian update for step 16.
	Change in internal coordinate of 1.10e+00 exceeds limit of 5.00e-01.
	Skipping Hessian update for step 15.
	Change in internal coordinate of 1.38e+00 exceeds limit of 5.00e-01.
	Skipping Hessian update for step 14.
	Change in internal coordinate of 1.57e+00 exceeds limit of 5.00e-01.
	Skipping Hessian update for step 13.
	Change in internal coordinate of 1.77e+00 exceeds limit of 5.00e-01.
	Skipping Hessian update for step 12.
	Change in internal coordinate of 1.73e+00 exceeds limit of 5.00e-01.
	Skipping Hessian update for step 11.
	Change in internal coordinate of 2.09e+00 exceeds limit of 5.00e-01.
	Skipping Hessian update for step 10.
	Change in internal coordinate of 2.34e+00 exceeds limit of 5.00e-01.
	Skipping Hessian update for step 9.
	Change in internal coordinate of 2.37e+00 exceeds limit of 5.00e-01.
	Skipping Hessian update for step 8.
	Change in internal coordinate of 2.39e+00 exceeds limit of 5.00e-01.
	Skipping Hessian update for step 7.
	Change in internal coordinate of 2.37e+00 exceeds limit of 5.00e-01.
	Skipping Hessian update for step 6.
	Change in internal coordinate of 2.41e+00 exceeds limit of 5.00e-01.
	Skipping Hessian update for step 5.
	Change in internal coordinate of 2.39e+00 exceeds limit of 5.00e-01.
	Skipping Hessian update for step 4.
	Change in internal coordinate of 2.39e+00 exceeds limit of 5.00e-01.
	Skipping Hessian update for step 3.
	Change in internal coordinate of 2.39e+00 exceeds limit of 5.00e-01.
	Skipping Hessian update for step 2.
	Change in internal coordinate of 2.39e+00 exceeds limit of 5.00e-01.
	Skipping Hessian update for step 1.
	Change in internal coordinate of 5.29e-01 exceeds limit of 5.00e-01.
	Skipping Hessian update for step 17.
	Change in internal coordinate of 8.31e-01 exceeds limit of 5.00e-01.
	Skipping Hessian update for step 16.
	Change in internal coordinate of 1.14e+00 exceeds limit of 5.00e-01.
	Skipping Hessian update for step 15.
	Change in internal coordinate of 1.42e+00 exceeds limit of 5.00e-01.
	Skipping Hessian update for step 14.
	Change in internal coordinate of 1.61e+00 exceeds limit of 5.00e-01.
	Skipping Hessian update for step 13.
	Change in internal coordinate of 1.80e+00 exceeds limit of 5.00e-01.
	Skipping Hessian update for step 12.
	Change in internal coordinate of 1.77e+00 exceeds limit of 5.00e-01.
	Skipping Hessian update for step 11.
	Change in internal coordinate of 2.13e+00 exceeds limit of 5.00e-01.
	Skipping Hessian update for step 10.
	Change in internal coordinate of 2.38e+00 exceeds limit of 5.00e-01.
	Skipping Hessian update for step 9.
	Change in internal coordinate of 2.41e+00 exceeds limit of 5.00e-01.
	Skipping Hessian update for step 8.
	Change in internal coordinate of 2.43e+00 exceeds limit of 5.00e-01.
	Skipping Hessian update for step 7.
	Change in internal coordinate of 2.41e+00 exceeds limit of 5.00e-01.
	Skipping Hessian update for step 6.
	Change in internal coordinate of 2.45e+00 exceeds limit of 5.00e-01.
	Skipping Hessian update for step 5.
	Change in internal coordinate of 2.43e+00 exceeds limit of 5.00e-01.
	Skipping Hessian update for step 4.
	Change in internal coordinate of 2.43e+00 exceeds limit of 5.00e-01.
	Skipping Hessian update for step 3.
	Change in internal coordinate of 2.43e+00 exceeds limit of 5.00e-01.
	Skipping Hessian update for step 2.
	Change in internal coordinate of 2.43e+00 exceeds limit of 5.00e-01.
	Skipping Hessian update for step 1.
	Previous geometry is closer to target in internal coordinates, so using that one.

	Best geometry has RMS(Delta(q)) = 6.46e-07

Optimizer: Optimization complete!
S matrix is not positive-definite!
Consider changing the average area of the cavity finite elements.
Normally an error, this has been commuted to a warning via patch.
Please report this issue: https://github.com/PCMSolver/pcmsolver/issues/206

S matrix is not positive-definite!
Consider changing the average area of the cavity finite elements.
Normally an error, this has been commuted to a warning via patch.
Please report this issue: https://github.com/PCMSolver/pcmsolver/issues/206

