
  Memory set to   2.794 GiB by Python driver.
=== KINETIC CONTROL v2: two-bond coordinate ===
    expectation: SELENOLATE HAS THE LOWER BARRIER

Some dependencies such as QCElemental have not yet finished migration to pydantic v2. If issues are encountered please downgrade pydantic or upgrade QCElemental as appropriate
Hessian guess encountered unknown coordinate type.

	Previous geometry is closer to target in internal coordinates, so using that one.

	Best geometry has RMS(Delta(q)) = 9.90e-08

	Previous geometry is closer to target in internal coordinates, so using that one.

	Best geometry has RMS(Delta(q)) = 2.48e-06

	Energy ratio indicates iffy step.
	Intrafrag trust radius decreased to   0.05.
	Previous geometry is closer to target in internal coordinates, so using that one.

	Best geometry has RMS(Delta(q)) = 1.66e-05

	Energy has increased in a minimization.
	Energy ratio indicates iffy step.
	Intrafrag trust radius decreased to 0.0375.
	Previous geometry is closer to target in internal coordinates, so using that one.

	Best geometry has RMS(Delta(q)) = 2.14e-07

	Energy has increased in a minimization.
	Energy ratio indicates iffy step.
	Intrafrag trust radius decreased to 0.0281.
Optimizer: Optimization complete!
    ctl-Se   form=3.20 break=1.98  E=-5055.10673597 
Hessian guess encountered unknown coordinate type.

	Energy has increased in a minimization.
	Energy ratio indicates iffy step.
	Intrafrag trust radius decreased to   0.05.
Optimizer: Optimization complete!
    ctl-Se   form=2.90 break=1.98  E=-5055.10044989 
